18:43:33 **** Build of project my_bsp ****
make -k all 
libgen -hw ../Lab2a_hw_platform/system.xml\
	       -lp ../../Lab2a\
	       -pe microblaze_0 \
	       -log libgen.log \
	       system.mss
libgen
Xilinx EDK 14.7 Build EDK_P.20131013
Copyright (c) 1995-2012 Xilinx, Inc.  All rights reserved.

Command Line: libgen -hw ../Lab2a_hw_platform/system.xml -lp ../../Lab2a -pe
microblaze_0 -log libgen.log system.mss 


Staging source files.
Running DRCs.
Running generate.
Running post_generate.
Running include - 'make -s include "COMPILER=mb-gcc" "ARCHIVER=mb-ar"
"COMPILER_FLAGS=-mlittle-endian -mno-xl-soft-mul -mxl-barrel-shift
-mxl-pattern-compare -mcpu=v8.50.c  -O2 -c" "EXTRA_COMPILER_FLAGS=-g
-ffunction-sections -fdata-sections"'.

Running libs - 'make -s libs "COMPILER=mb-gcc" "ARCHIVER=mb-ar"
"COMPILER_FLAGS=-mlittle-endian -mno-xl-soft-mul -mxl-barrel-shift
-mxl-pattern-compare -mcpu=v8.50.c  -O2 -c" "EXTRA_COMPILER_FLAGS=-g
-ffunction-sections -fdata-sections"'.
"Compiling common"
"Compiling standalone";
"Compiling gpio"
"Compiling uartlite"
"Compiling led_axi_ip"
led_axi_ip_selftest.c: In function 'LED_AXI_IP_SelfTest':
led_axi_ip_selftest.c:70:50: error: 'LED_AXI_IP_USER_NUM_REG' undeclared (first use in this function)
led_axi_ip_selftest.c:70:50: note: each undeclared identifier is reported only once for each function it appears in
make[1]: *** [libs] Error 1
"Compiling bram"
"Compiling uart_cntrl"
uart_cntrl_selftest.c: In function 'UART_CNTRL_SelfTest':
uart_cntrl_selftest.c:70:50: error: 'UART_CNTRL_USER_NUM_REG' undeclared (first use in this function)
uart_cntrl_selftest.c:70:50: note: each undeclared identifier is reported only once for each function it appears in
make[1]: *** [libs] Error 1
"Compiling cpu"
ERROR:EDK:369 -  make failed for target "libs" 
ERROR:EDK:3418 - Error(s) while running make.
make: *** [microblaze_0/lib/libxil.a] Error 2
make: Target `all' not remade because of errors.
18:44:37 **** Build of configuration Debug for project LAB2a_SDK_Project1 ****
make all 
'Building file: ../src/helloworld.c'
'Invoking: MicroBlaze gcc compiler'
mb-gcc -Wall -O0 -g3 -c -fmessage-length=0 -I../../my_bsp/microblaze_0/include -mlittle-endian -mxl-barrel-shift -mxl-pattern-compare -mcpu=v8.50.c -mno-xl-soft-mul -Wl,--no-relax -ffunction-sections -fdata-sections -MMD -MP -MF"src/helloworld.d" -MT"src/helloworld.d" -o "src/helloworld.o" "../src/helloworld.c"
'Finished building: ../src/helloworld.c'
' '
'Building file: ../src/platform.c'
'Invoking: MicroBlaze gcc compiler'
mb-gcc -Wall -O0 -g3 -c -fmessage-length=0 -I../../my_bsp/microblaze_0/include -mlittle-endian -mxl-barrel-shift -mxl-pattern-compare -mcpu=v8.50.c -mno-xl-soft-mul -Wl,--no-relax -ffunction-sections -fdata-sections -MMD -MP -MF"src/platform.d" -MT"src/platform.d" -o "src/platform.o" "../src/platform.c"
'Finished building: ../src/platform.c'
' '
'Building target: LAB2a_SDK_Project1.elf'
'Invoking: MicroBlaze gcc linker'
mb-gcc -Wl,-T -Wl,../src/lscript.ld -L../../my_bsp/microblaze_0/lib -mlittle-endian -mxl-barrel-shift -mxl-pattern-compare -mcpu=v8.50.c -mno-xl-soft-mul -Wl,--no-relax -Wl,--gc-sections -o "LAB2a_SDK_Project1.elf"  ./src/helloworld.o ./src/platform.o   -Wl,--start-group,-lxil,-lgcc,-lc,--end-group
e:/xilinx/14.7/ise_ds/edk/gnu/microblaze/nt/bin/../lib/gcc/microblaze-xilinx-elf/4.6.4/../../../../microblaze-xilinx-elf/lib/bs/m/le\libxil.a(print.o): In function `print':
/wrk/ptx/users/nagaraju/GCC_2013_03/newlib/libgloss/microblaze/print.c:25: undefined reference to `outbyte'
./src/platform.o: In function `enable_caches':
E:\FaksHub\2020_2021\2.Semester_2020_2021\LRI2\Labs\LRI2_Labs\Lab2a_SDK\LAB2a_SDK_Project1\Debug/../src/platform.c:80: undefined reference to `microblaze_enable_icache'
E:\FaksHub\2020_2021\2.Semester_2020_2021\LRI2\Labs\LRI2_Labs\Lab2a_SDK\LAB2a_SDK_Project1\Debug/../src/platform.c:80: undefined reference to `microblaze_enable_dcache'
collect2: ld returned 1 exit status
make: *** [LAB2a_SDK_Project1.elf] Error 1
00:37:20 **** Clean-only build of project my_bsp ****
make -k clean 
rm -rf microblaze_0
00:37:23 **** Build of project my_bsp ****
make -k all 
libgen -hw ../Lab2a_hw_platform/system.xml\
	       -lp ../../Lab2a\
	       -pe microblaze_0 \
	       -log libgen.log \
	       system.mss
libgen
Xilinx EDK 14.7 Build EDK_P.20131013
Copyright (c) 1995-2012 Xilinx, Inc.  All rights reserved.

Command Line: libgen -hw ../Lab2a_hw_platform/system.xml -lp ../../Lab2a -pe
microblaze_0 -log libgen.log system.mss 


Staging source files.
Running DRCs.
Running generate.
Running post_generate.
Running include - 'make -s include "COMPILER=mb-gcc" "ARCHIVER=mb-ar"
"COMPILER_FLAGS=-mlittle-endian -mno-xl-soft-mul -mxl-barrel-shift
-mxl-pattern-compare -mcpu=v8.50.c  -O2 -c" "EXTRA_COMPILER_FLAGS=-g
-ffunction-sections -fdata-sections"'.

Running libs - 'make -s libs "COMPILER=mb-gcc" "ARCHIVER=mb-ar"
"COMPILER_FLAGS=-mlittle-endian -mno-xl-soft-mul -mxl-barrel-shift
-mxl-pattern-compare -mcpu=v8.50.c  -O2 -c" "EXTRA_COMPILER_FLAGS=-g
-ffunction-sections -fdata-sections"'.
"Compiling common"
"Compiling standalone";
"Compiling gpio"
"Compiling uartlite"
"Compiling led_axi_ip"
led_axi_ip_selftest.c: In function 'LED_AXI_IP_SelfTest':
led_axi_ip_selftest.c:70:50: error: 'LED_AXI_IP_USER_NUM_REG' undeclared (first use in this function)
led_axi_ip_selftest.c:70:50: note: each undeclared identifier is reported only once for each function it appears in
make[1]: *** [libs] Error 1
"Compiling bram"
"Compiling uart_cntrl"
uart_cntrl_selftest.c: In function 'UART_CNTRL_SelfTest':
uart_cntrl_selftest.c:70:50: error: 'UART_CNTRL_USER_NUM_REG' undeclared (first use in this function)
uart_cntrl_selftest.c:70:50: note: each undeclared identifier is reported only once for each function it appears in
make[1]: *** [libs] Error 1
"Compiling cpu"
ERROR:EDK:369 -  make failed for target "libs" 
ERROR:EDK:3418 - Error(s) while running make.
make: *** [microblaze_0/lib/libxil.a] Error 2
make: Target `all' not remade because of errors.
00:38:31 **** Build of configuration Debug for project Lab2a_SDK_proj1 ****
make all 
'Building file: ../src/helloworld.c'
'Invoking: MicroBlaze gcc compiler'
mb-gcc -Wall -O0 -g3 -c -fmessage-length=0 -I../../my_bsp/microblaze_0/include -mlittle-endian -mxl-barrel-shift -mxl-pattern-compare -mcpu=v8.50.c -mno-xl-soft-mul -Wl,--no-relax -ffunction-sections -fdata-sections -MMD -MP -MF"src/helloworld.d" -MT"src/helloworld.d" -o "src/helloworld.o" "../src/helloworld.c"
'Finished building: ../src/helloworld.c'
' '
'Building file: ../src/platform.c'
'Invoking: MicroBlaze gcc compiler'
mb-gcc -Wall -O0 -g3 -c -fmessage-length=0 -I../../my_bsp/microblaze_0/include -mlittle-endian -mxl-barrel-shift -mxl-pattern-compare -mcpu=v8.50.c -mno-xl-soft-mul -Wl,--no-relax -ffunction-sections -fdata-sections -MMD -MP -MF"src/platform.d" -MT"src/platform.d" -o "src/platform.o" "../src/platform.c"
'Finished building: ../src/platform.c'
' '
'Building target: Lab2a_SDK_proj1.elf'
'Invoking: MicroBlaze gcc linker'
mb-gcc -Wl,-T -Wl,../src/lscript.ld -L../../my_bsp/microblaze_0/lib -mlittle-endian -mxl-barrel-shift -mxl-pattern-compare -mcpu=v8.50.c -mno-xl-soft-mul -Wl,--no-relax -Wl,--gc-sections -o "Lab2a_SDK_proj1.elf"  ./src/helloworld.o ./src/platform.o   -Wl,--start-group,-lxil,-lgcc,-lc,--end-group
e:/xilinx/14.7/ise_ds/edk/gnu/microblaze/nt/bin/../lib/gcc/microblaze-xilinx-elf/4.6.4/../../../../microblaze-xilinx-elf/lib/bs/m/le\libxil.a(print.o): In function `print':
/wrk/ptx/users/nagaraju/GCC_2013_03/newlib/libgloss/microblaze/print.c:25: undefined reference to `outbyte'
./src/platform.o: In function `enable_caches':
E:\FaksHub\2020_2021\2.Semester_2020_2021\LRI2\Labs\LRI2_Labs\Lab2a_SDK\Lab2a_SDK_proj1\Debug/../src/platform.c:80: undefined reference to `microblaze_enable_icache'
E:\FaksHub\2020_2021\2.Semester_2020_2021\LRI2\Labs\LRI2_Labs\Lab2a_SDK\Lab2a_SDK_proj1\Debug/../src/platform.c:80: undefined reference to `microblaze_enable_dcache'
collect2: ld returned 1 exit status
make: *** [Lab2a_SDK_proj1.elf] Error 1
00:38:50 **** Auto Build of configuration Debug for project Lab2a_SDK_proj1 ****
make all 
'Building file: ../src/helloworld.c'
'Invoking: MicroBlaze gcc compiler'
mb-gcc -Wall -O0 -g3 -c -fmessage-length=0 -I../../my_bsp/microblaze_0/include -mlittle-endian -mxl-barrel-shift -mxl-pattern-compare -mcpu=v8.50.c -mno-xl-soft-mul -Wl,--no-relax -ffunction-sections -fdata-sections -MMD -MP -MF"src/helloworld.d" -MT"src/helloworld.d" -o "src/helloworld.o" "../src/helloworld.c"
'Finished building: ../src/helloworld.c'
' '
'Building target: Lab2a_SDK_proj1.elf'
'Invoking: MicroBlaze gcc linker'
mb-gcc -Wl,-T -Wl,../src/lscript.ld -L../../my_bsp/microblaze_0/lib -mlittle-endian -mxl-barrel-shift -mxl-pattern-compare -mcpu=v8.50.c -mno-xl-soft-mul -Wl,--no-relax -Wl,--gc-sections -o "Lab2a_SDK_proj1.elf"  ./src/helloworld.o ./src/platform.o   -Wl,--start-group,-lxil,-lgcc,-lc,--end-group
e:/xilinx/14.7/ise_ds/edk/gnu/microblaze/nt/bin/../lib/gcc/microblaze-xilinx-elf/4.6.4/../../../../microblaze-xilinx-elf/lib/bs/m/le/crtinit.o: In function `_crtinit':
/wrk/ptx/users/nagaraju/GCC_2013_03/newlib/libgloss/microblaze/crtinit.S:69: undefined reference to `main'
collect2: ld returned 1 exit status
make: *** [Lab2a_SDK_proj1.elf] Error 1
00:39:15 **** Auto Build of configuration Debug for project Lab2a_SDK_proj1 ****
make all 
'Building file: ../src/main.c'
'Invoking: MicroBlaze gcc compiler'
mb-gcc -Wall -O0 -g3 -c -fmessage-length=0 -I../../my_bsp/microblaze_0/include -mlittle-endian -mxl-barrel-shift -mxl-pattern-compare -mcpu=v8.50.c -mno-xl-soft-mul -Wl,--no-relax -ffunction-sections -fdata-sections -MMD -MP -MF"src/main.d" -MT"src/main.d" -o "src/main.o" "../src/main.c"
'Finished building: ../src/main.c'
' '
'Building target: Lab2a_SDK_proj1.elf'
'Invoking: MicroBlaze gcc linker'
mb-gcc -Wl,-T -Wl,../src/lscript.ld -L../../my_bsp/microblaze_0/lib -mlittle-endian -mxl-barrel-shift -mxl-pattern-compare -mcpu=v8.50.c -mno-xl-soft-mul -Wl,--no-relax -Wl,--gc-sections -o "Lab2a_SDK_proj1.elf"  ./src/helloworld.o ./src/main.o ./src/platform.o   -Wl,--start-group,-lxil,-lgcc,-lc,--end-group
e:/xilinx/14.7/ise_ds/edk/gnu/microblaze/nt/bin/../lib/gcc/microblaze-xilinx-elf/4.6.4/../../../../microblaze-xilinx-elf/lib/bs/m/le/crtinit.o: In function `_crtinit':
/wrk/ptx/users/nagaraju/GCC_2013_03/newlib/libgloss/microblaze/crtinit.S:69: undefined reference to `main'
collect2: ld returned 1 exit status
make: *** [Lab2a_SDK_proj1.elf] Error 1
00:40:04 **** Auto Build of configuration Debug for project Lab2a_SDK_proj1 ****
make all 
'Building file: ../src/main.c'
'Invoking: MicroBlaze gcc compiler'
mb-gcc -Wall -O0 -g3 -c -fmessage-length=0 -I../../my_bsp/microblaze_0/include -mlittle-endian -mxl-barrel-shift -mxl-pattern-compare -mcpu=v8.50.c -mno-xl-soft-mul -Wl,--no-relax -ffunction-sections -fdata-sections -MMD -MP -MF"src/main.d" -MT"src/main.d" -o "src/main.o" "../src/main.c"
'Finished building: ../src/main.c'
' '
'Building target: Lab2a_SDK_proj1.elf'
'Invoking: MicroBlaze gcc linker'
mb-gcc -Wl,-T -Wl,../src/lscript.ld -L../../my_bsp/microblaze_0/lib -mlittle-endian -mxl-barrel-shift -mxl-pattern-compare -mcpu=v8.50.c -mno-xl-soft-mul -Wl,--no-relax -Wl,--gc-sections -o "Lab2a_SDK_proj1.elf"  ./src/helloworld.o ./src/main.o ./src/platform.o   -Wl,--start-group,-lxil,-lgcc,-lc,--end-group
./src/main.o: In function `main':
E:\FaksHub\2020_2021\2.Semester_2020_2021\LRI2\Labs\LRI2_Labs\Lab2a_SDK\Lab2a_SDK_proj1\Debug/../src/main.c:22: undefined reference to `XGpio_Initialize'
E:\FaksHub\2020_2021\2.Semester_2020_2021\LRI2\Labs\LRI2_Labs\Lab2a_SDK\Lab2a_SDK_proj1\Debug/../src/main.c:28: undefined reference to `XGpio_SetDataDirection'
E:\FaksHub\2020_2021\2.Semester_2020_2021\LRI2\Labs\LRI2_Labs\Lab2a_SDK\Lab2a_SDK_proj1\Debug/../src/main.c:29: undefined reference to `XGpio_DiscreteRead'
collect2: ld returned 1 exit status
make: *** [Lab2a_SDK_proj1.elf] Error 1
00:40:34 **** Clean-only build of configuration Debug for project Lab2a_SDK_proj1 ****
make clean 
rm -rf  ./src/helloworld.o ./src/main.o ./src/platform.o  ./src/helloworld.d ./src/main.d ./src/platform.d  Lab2a_SDK_proj1.elf.size  Lab2a_SDK_proj1.elf.elfcheck  Lab2a_SDK_proj1.elf
' '
00:40:35 **** Build of configuration Debug for project Lab2a_SDK_proj1 ****
make all 
'Building file: ../src/helloworld.c'
'Invoking: MicroBlaze gcc compiler'
mb-gcc -Wall -O0 -g3 -c -fmessage-length=0 -I../../my_bsp/microblaze_0/include -mlittle-endian -mxl-barrel-shift -mxl-pattern-compare -mcpu=v8.50.c -mno-xl-soft-mul -Wl,--no-relax -ffunction-sections -fdata-sections -MMD -MP -MF"src/helloworld.d" -MT"src/helloworld.d" -o "src/helloworld.o" "../src/helloworld.c"
'Finished building: ../src/helloworld.c'
' '
'Building file: ../src/main.c'
'Invoking: MicroBlaze gcc compiler'
mb-gcc -Wall -O0 -g3 -c -fmessage-length=0 -I../../my_bsp/microblaze_0/include -mlittle-endian -mxl-barrel-shift -mxl-pattern-compare -mcpu=v8.50.c -mno-xl-soft-mul -Wl,--no-relax -ffunction-sections -fdata-sections -MMD -MP -MF"src/main.d" -MT"src/main.d" -o "src/main.o" "../src/main.c"
'Finished building: ../src/main.c'
' '
'Building file: ../src/platform.c'
'Invoking: MicroBlaze gcc compiler'
mb-gcc -Wall -O0 -g3 -c -fmessage-length=0 -I../../my_bsp/microblaze_0/include -mlittle-endian -mxl-barrel-shift -mxl-pattern-compare -mcpu=v8.50.c -mno-xl-soft-mul -Wl,--no-relax -ffunction-sections -fdata-sections -MMD -MP -MF"src/platform.d" -MT"src/platform.d" -o "src/platform.o" "../src/platform.c"
'Finished building: ../src/platform.c'
' '
'Building target: Lab2a_SDK_proj1.elf'
'Invoking: MicroBlaze gcc linker'
mb-gcc -Wl,-T -Wl,../src/lscript.ld -L../../my_bsp/microblaze_0/lib -mlittle-endian -mxl-barrel-shift -mxl-pattern-compare -mcpu=v8.50.c -mno-xl-soft-mul -Wl,--no-relax -Wl,--gc-sections -o "Lab2a_SDK_proj1.elf"  ./src/helloworld.o ./src/main.o ./src/platform.o   -Wl,--start-group,-lxil,-lgcc,-lc,--end-group
./src/main.o: In function `main':
E:\FaksHub\2020_2021\2.Semester_2020_2021\LRI2\Labs\LRI2_Labs\Lab2a_SDK\Lab2a_SDK_proj1\Debug/../src/main.c:22: undefined reference to `XGpio_Initialize'
E:\FaksHub\2020_2021\2.Semester_2020_2021\LRI2\Labs\LRI2_Labs\Lab2a_SDK\Lab2a_SDK_proj1\Debug/../src/main.c:28: undefined reference to `XGpio_SetDataDirection'
E:\FaksHub\2020_2021\2.Semester_2020_2021\LRI2\Labs\LRI2_Labs\Lab2a_SDK\Lab2a_SDK_proj1\Debug/../src/main.c:29: undefined reference to `XGpio_DiscreteRead'
collect2: ld returned 1 exit status
make: *** [Lab2a_SDK_proj1.elf] Error 1
00:40:58 **** Clean-only build of configuration Debug for project Lab2a_SDK_proj1 ****
make clean 
rm -rf  ./src/helloworld.o ./src/main.o ./src/platform.o  ./src/helloworld.d ./src/main.d ./src/platform.d  Lab2a_SDK_proj1.elf.size  Lab2a_SDK_proj1.elf.elfcheck  Lab2a_SDK_proj1.elf
' '
00:40:58 **** Clean-only build of project my_bsp ****
make -k clean 
rm -rf microblaze_0
00:40:59 **** Build of project my_bsp ****
make -k all 
libgen -hw ../Lab2a_hw_platform/system.xml\
	       -lp ../../Lab2a\
	       -pe microblaze_0 \
	       -log libgen.log \
	       system.mss
libgen
Xilinx EDK 14.7 Build EDK_P.20131013
Copyright (c) 1995-2012 Xilinx, Inc.  All rights reserved.

Command Line: libgen -hw ../Lab2a_hw_platform/system.xml -lp ../../Lab2a -pe
microblaze_0 -log libgen.log system.mss 


Staging source files.
Running DRCs.
Running generate.
Running post_generate.
Running include - 'make -s include "COMPILER=mb-gcc" "ARCHIVER=mb-ar"
"COMPILER_FLAGS=-mlittle-endian -mno-xl-soft-mul -mxl-barrel-shift
-mxl-pattern-compare -mcpu=v8.50.c  -O2 -c" "EXTRA_COMPILER_FLAGS=-g
-ffunction-sections -fdata-sections"'.

Running libs - 'make -s libs "COMPILER=mb-gcc" "ARCHIVER=mb-ar"
"COMPILER_FLAGS=-mlittle-endian -mno-xl-soft-mul -mxl-barrel-shift
-mxl-pattern-compare -mcpu=v8.50.c  -O2 -c" "EXTRA_COMPILER_FLAGS=-g
-ffunction-sections -fdata-sections"'.
"Compiling common"
"Compiling standalone";
"Compiling gpio"
"Compiling uartlite"
"Compiling led_axi_ip"
led_axi_ip_selftest.c: In function 'LED_AXI_IP_SelfTest':
led_axi_ip_selftest.c:70:50: error: 'LED_AXI_IP_USER_NUM_REG' undeclared (first use in this function)
led_axi_ip_selftest.c:70:50: note: each undeclared identifier is reported only once for each function it appears in
make[1]: *** [libs] Error 1
"Compiling bram"
"Compiling uart_cntrl"
uart_cntrl_selftest.c: In function 'UART_CNTRL_SelfTest':
uart_cntrl_selftest.c:70:50: error: 'UART_CNTRL_USER_NUM_REG' undeclared (first use in this function)
uart_cntrl_selftest.c:70:50: note: each undeclared identifier is reported only once for each function it appears in
make[1]: *** [libs] Error 1
"Compiling cpu"
ERROR:EDK:369 -  make failed for target "libs" 
ERROR:EDK:3418 - Error(s) while running make.
make: *** [microblaze_0/lib/libxil.a] Error 2
make: Target `all' not remade because of errors.
00:41:16 **** Build of configuration Debug for project Lab2a_SDK_proj1 ****
make all 
'Building file: ../src/helloworld.c'
'Invoking: MicroBlaze gcc compiler'
mb-gcc -Wall -O0 -g3 -c -fmessage-length=0 -I../../my_bsp/microblaze_0/include -mlittle-endian -mxl-barrel-shift -mxl-pattern-compare -mcpu=v8.50.c -mno-xl-soft-mul -Wl,--no-relax -ffunction-sections -fdata-sections -MMD -MP -MF"src/helloworld.d" -MT"src/helloworld.d" -o "src/helloworld.o" "../src/helloworld.c"
'Finished building: ../src/helloworld.c'
' '
'Building file: ../src/main.c'
'Invoking: MicroBlaze gcc compiler'
mb-gcc -Wall -O0 -g3 -c -fmessage-length=0 -I../../my_bsp/microblaze_0/include -mlittle-endian -mxl-barrel-shift -mxl-pattern-compare -mcpu=v8.50.c -mno-xl-soft-mul -Wl,--no-relax -ffunction-sections -fdata-sections -MMD -MP -MF"src/main.d" -MT"src/main.d" -o "src/main.o" "../src/main.c"
'Finished building: ../src/main.c'
' '
'Building file: ../src/platform.c'
'Invoking: MicroBlaze gcc compiler'
mb-gcc -Wall -O0 -g3 -c -fmessage-length=0 -I../../my_bsp/microblaze_0/include -mlittle-endian -mxl-barrel-shift -mxl-pattern-compare -mcpu=v8.50.c -mno-xl-soft-mul -Wl,--no-relax -ffunction-sections -fdata-sections -MMD -MP -MF"src/platform.d" -MT"src/platform.d" -o "src/platform.o" "../src/platform.c"
'Finished building: ../src/platform.c'
' '
'Building target: Lab2a_SDK_proj1.elf'
'Invoking: MicroBlaze gcc linker'
mb-gcc -Wl,-T -Wl,../src/lscript.ld -L../../my_bsp/microblaze_0/lib -mlittle-endian -mxl-barrel-shift -mxl-pattern-compare -mcpu=v8.50.c -mno-xl-soft-mul -Wl,--no-relax -Wl,--gc-sections -o "Lab2a_SDK_proj1.elf"  ./src/helloworld.o ./src/main.o ./src/platform.o   -Wl,--start-group,-lxil,-lgcc,-lc,--end-group
./src/main.o: In function `main':
E:\FaksHub\2020_2021\2.Semester_2020_2021\LRI2\Labs\LRI2_Labs\Lab2a_SDK\Lab2a_SDK_proj1\Debug/../src/main.c:22: undefined reference to `XGpio_Initialize'
E:\FaksHub\2020_2021\2.Semester_2020_2021\LRI2\Labs\LRI2_Labs\Lab2a_SDK\Lab2a_SDK_proj1\Debug/../src/main.c:28: undefined reference to `XGpio_SetDataDirection'
E:\FaksHub\2020_2021\2.Semester_2020_2021\LRI2\Labs\LRI2_Labs\Lab2a_SDK\Lab2a_SDK_proj1\Debug/../src/main.c:29: undefined reference to `XGpio_DiscreteRead'
collect2: ld returned 1 exit status
make: *** [Lab2a_SDK_proj1.elf] Error 1
00:42:12 **** Clean-only build of configuration Debug for project Lab2a_SDK_proj1 ****
make clean 
rm -rf  ./src/helloworld.o ./src/main.o ./src/platform.o  ./src/helloworld.d ./src/main.d ./src/platform.d  Lab2a_SDK_proj1.elf.size  Lab2a_SDK_proj1.elf.elfcheck  Lab2a_SDK_proj1.elf
' '
00:42:12 **** Clean-only build of configuration Debug for project Lab2a_SDK_proj1 ****
make clean 
rm -rf  ./src/helloworld.o ./src/main.o ./src/platform.o  ./src/helloworld.d ./src/main.d ./src/platform.d  Lab2a_SDK_proj1.elf.size  Lab2a_SDK_proj1.elf.elfcheck  Lab2a_SDK_proj1.elf
' '
00:42:13 **** Build of configuration Debug for project Lab2a_SDK_proj1 ****
make all 
'Building file: ../src/helloworld.c'
'Invoking: MicroBlaze gcc compiler'
mb-gcc -Wall -O0 -g3 -c -fmessage-length=0 -I../../my_bsp/microblaze_0/include -mlittle-endian -mxl-barrel-shift -mxl-pattern-compare -mcpu=v8.50.c -mno-xl-soft-mul -Wl,--no-relax -ffunction-sections -fdata-sections -MMD -MP -MF"src/helloworld.d" -MT"src/helloworld.d" -o "src/helloworld.o" "../src/helloworld.c"
'Finished building: ../src/helloworld.c'
' '
'Building file: ../src/main.c'
'Invoking: MicroBlaze gcc compiler'
mb-gcc -Wall -O0 -g3 -c -fmessage-length=0 -I../../my_bsp/microblaze_0/include -mlittle-endian -mxl-barrel-shift -mxl-pattern-compare -mcpu=v8.50.c -mno-xl-soft-mul -Wl,--no-relax -ffunction-sections -fdata-sections -MMD -MP -MF"src/main.d" -MT"src/main.d" -o "src/main.o" "../src/main.c"
'Finished building: ../src/main.c'
' '
'Building file: ../src/platform.c'
'Invoking: MicroBlaze gcc compiler'
mb-gcc -Wall -O0 -g3 -c -fmessage-length=0 -I../../my_bsp/microblaze_0/include -mlittle-endian -mxl-barrel-shift -mxl-pattern-compare -mcpu=v8.50.c -mno-xl-soft-mul -Wl,--no-relax -ffunction-sections -fdata-sections -MMD -MP -MF"src/platform.d" -MT"src/platform.d" -o "src/platform.o" "../src/platform.c"
'Finished building: ../src/platform.c'
' '
'Building target: Lab2a_SDK_proj1.elf'
'Invoking: MicroBlaze gcc linker'
mb-gcc -Wl,-T -Wl,../src/lscript.ld -L../../my_bsp/microblaze_0/lib -mlittle-endian -mxl-barrel-shift -mxl-pattern-compare -mcpu=v8.50.c -mno-xl-soft-mul -Wl,--no-relax -Wl,--gc-sections -o "Lab2a_SDK_proj1.elf"  ./src/helloworld.o ./src/main.o ./src/platform.o   -Wl,--start-group,-lxil,-lgcc,-lc,--end-group
./src/main.o: In function `main':
E:\FaksHub\2020_2021\2.Semester_2020_2021\LRI2\Labs\LRI2_Labs\Lab2a_SDK\Lab2a_SDK_proj1\Debug/../src/main.c:22: undefined reference to `XGpio_Initialize'
E:\FaksHub\2020_2021\2.Semester_2020_2021\LRI2\Labs\LRI2_Labs\Lab2a_SDK\Lab2a_SDK_proj1\Debug/../src/main.c:28: undefined reference to `XGpio_SetDataDirection'
E:\FaksHub\2020_2021\2.Semester_2020_2021\LRI2\Labs\LRI2_Labs\Lab2a_SDK\Lab2a_SDK_proj1\Debug/../src/main.c:29: undefined reference to `XGpio_DiscreteRead'
collect2: ld returned 1 exit status
make: *** [Lab2a_SDK_proj1.elf] Error 1
00:42:30 **** Auto Build of configuration Debug for project Lab2a_SDK_proj1 ****
make all 
'Building target: Lab2a_SDK_proj1.elf'
'Invoking: MicroBlaze gcc linker'
mb-gcc -Wl,-T -Wl,../src/lscript.ld -L../../my_bsp/microblaze_0/lib -mlittle-endian -mxl-barrel-shift -mxl-pattern-compare -mcpu=v8.50.c -mno-xl-soft-mul -Wl,--no-relax -Wl,--gc-sections -o "Lab2a_SDK_proj1.elf"  ./src/helloworld.o ./src/main.o ./src/platform.o   -Wl,--start-group,-lxil,-lgcc,-lc,--end-group
./src/main.o: In function `main':
E:\FaksHub\2020_2021\2.Semester_2020_2021\LRI2\Labs\LRI2_Labs\Lab2a_SDK\Lab2a_SDK_proj1\Debug/../src/main.c:22: undefined reference to `XGpio_Initialize'
E:\FaksHub\2020_2021\2.Semester_2020_2021\LRI2\Labs\LRI2_Labs\Lab2a_SDK\Lab2a_SDK_proj1\Debug/../src/main.c:28: undefined reference to `XGpio_SetDataDirection'
E:\FaksHub\2020_2021\2.Semester_2020_2021\LRI2\Labs\LRI2_Labs\Lab2a_SDK\Lab2a_SDK_proj1\Debug/../src/main.c:29: undefined reference to `XGpio_DiscreteRead'
collect2: ld returned 1 exit status
make: *** [Lab2a_SDK_proj1.elf] Error 1
00:42:31 **** Auto Build of configuration Debug for project Lab2a_SDK_proj1 ****
make all 
'Building target: Lab2a_SDK_proj1.elf'
'Invoking: MicroBlaze gcc linker'
mb-gcc -Wl,-T -Wl,../src/lscript.ld -L../../my_bsp/microblaze_0/lib -mlittle-endian -mxl-barrel-shift -mxl-pattern-compare -mcpu=v8.50.c -mno-xl-soft-mul -Wl,--no-relax -Wl,--gc-sections -o "Lab2a_SDK_proj1.elf"  ./src/helloworld.o ./src/main.o ./src/platform.o   -Wl,--start-group,-lxil,-lgcc,-lc,--end-group
./src/main.o: In function `main':
E:\FaksHub\2020_2021\2.Semester_2020_2021\LRI2\Labs\LRI2_Labs\Lab2a_SDK\Lab2a_SDK_proj1\Debug/../src/main.c:22: undefined reference to `XGpio_Initialize'
E:\FaksHub\2020_2021\2.Semester_2020_2021\LRI2\Labs\LRI2_Labs\Lab2a_SDK\Lab2a_SDK_proj1\Debug/../src/main.c:28: undefined reference to `XGpio_SetDataDirection'
E:\FaksHub\2020_2021\2.Semester_2020_2021\LRI2\Labs\LRI2_Labs\Lab2a_SDK\Lab2a_SDK_proj1\Debug/../src/main.c:29: undefined reference to `XGpio_DiscreteRead'
collect2: ld returned 1 exit status
make: *** [Lab2a_SDK_proj1.elf] Error 1
00:42:40 **** Auto Build of project my_bsp ****
make -k all 
libgen -hw ../Lab2a_hw_platform/system.xml\
	       -lp ../../Lab2a\
	       -pe microblaze_0 \
	       -log libgen.log \
	       system.mss
libgen
Xilinx EDK 14.7 Build EDK_P.20131013
Copyright (c) 1995-2012 Xilinx, Inc.  All rights reserved.

Command Line: libgen -hw ../Lab2a_hw_platform/system.xml -lp ../../Lab2a -pe
microblaze_0 -log libgen.log system.mss 

ERROR:EDK:3428 - Failed to remove existing directory:
   E:\FaksHub\2020_2021\2.Semester_2020_2021\LRI2\Labs\LRI2_Labs\Lab2a_SDK\my_bs
   p\microblaze_0\libsrc\.
ERROR:EDK:1278 - Failed to create directory
   E:\FaksHub\2020_2021\2.Semester_2020_2021\LRI2\Labs\LRI2_Labs\Lab2a_SDK\my_bs
   p\microblaze_0\libsrc\.
make: *** [microblaze_0/lib/libxil.a] Error 2
make: Target `all' not remade because of errors.
00:42:42 **** Auto Build of configuration Debug for project Lab2a_SDK_proj1 ****
make all 
'Building target: Lab2a_SDK_proj1.elf'
'Invoking: MicroBlaze gcc linker'
mb-gcc -Wl,-T -Wl,../src/lscript.ld -L../../my_bsp/microblaze_0/lib -mlittle-endian -mxl-barrel-shift -mxl-pattern-compare -mcpu=v8.50.c -mno-xl-soft-mul -Wl,--no-relax -Wl,--gc-sections -o "Lab2a_SDK_proj1.elf"  ./src/helloworld.o ./src/main.o ./src/platform.o   -Wl,--start-group,-lxil,-lgcc,-lc,--end-group
./src/main.o: In function `main':
E:\FaksHub\2020_2021\2.Semester_2020_2021\LRI2\Labs\LRI2_Labs\Lab2a_SDK\Lab2a_SDK_proj1\Debug/../src/main.c:22: undefined reference to `XGpio_Initialize'
E:\FaksHub\2020_2021\2.Semester_2020_2021\LRI2\Labs\LRI2_Labs\Lab2a_SDK\Lab2a_SDK_proj1\Debug/../src/main.c:28: undefined reference to `XGpio_SetDataDirection'
E:\FaksHub\2020_2021\2.Semester_2020_2021\LRI2\Labs\LRI2_Labs\Lab2a_SDK\Lab2a_SDK_proj1\Debug/../src/main.c:29: undefined reference to `XGpio_DiscreteRead'
collect2: ld returned 1 exit status
make: *** [Lab2a_SDK_proj1.elf] Error 1
01:47:19 **** Clean-only build of configuration Debug for project Lab2a_SDK_proj1 ****
make clean 
rm -rf  ./src/helloworld.o ./src/main.o ./src/platform.o  ./src/helloworld.d ./src/main.d ./src/platform.d  Lab2a_SDK_proj1.elf.size  Lab2a_SDK_proj1.elf.elfcheck  Lab2a_SDK_proj1.elf
' '
01:47:20 **** Clean-only build of project my_bsp ****
make -k clean 
rm -rf microblaze_0
01:47:21 **** Build of project my_bsp ****
make -k all 
libgen -hw ../Lab2a_hw_platform/system.xml\
	       -lp ../../Lab2a\
	       -pe microblaze_0 \
	       -log libgen.log \
	       system.mss
libgen
Xilinx EDK 14.7 Build EDK_P.20131013
Copyright (c) 1995-2012 Xilinx, Inc.  All rights reserved.

Command Line: libgen -hw ../Lab2a_hw_platform/system.xml -lp ../../Lab2a -pe
microblaze_0 -log libgen.log system.mss 


Staging source files.
Running DRCs.
Running generate.
Running post_generate.
Running include - 'make -s include "COMPILER=mb-gcc" "ARCHIVER=mb-ar"
"COMPILER_FLAGS=-mlittle-endian -mno-xl-soft-mul -mxl-barrel-shift
-mxl-pattern-compare -mcpu=v8.50.c  -O2 -c" "EXTRA_COMPILER_FLAGS=-g
-ffunction-sections -fdata-sections"'.

Running libs - 'make -s libs "COMPILER=mb-gcc" "ARCHIVER=mb-ar"
"COMPILER_FLAGS=-mlittle-endian -mno-xl-soft-mul -mxl-barrel-shift
-mxl-pattern-compare -mcpu=v8.50.c  -O2 -c" "EXTRA_COMPILER_FLAGS=-g
-ffunction-sections -fdata-sections"'.
"Compiling common"
"Compiling standalone";
"Compiling gpio"
"Compiling uartlite"
"Compiling led_axi_ip"
led_axi_ip_selftest.c: In function 'LED_AXI_IP_SelfTest':
led_axi_ip_selftest.c:70:50: error: 'LED_AXI_IP_USER_NUM_REG' undeclared (first use in this function)
led_axi_ip_selftest.c:70:50: note: each undeclared identifier is reported only once for each function it appears in
make[1]: *** [libs] Error 1
"Compiling bram"
"Compiling uart_cntrl"
uart_cntrl_selftest.c: In function 'UART_CNTRL_SelfTest':
uart_cntrl_selftest.c:70:50: error: 'UART_CNTRL_USER_NUM_REG' undeclared (first use in this function)
uart_cntrl_selftest.c:70:50: note: each undeclared identifier is reported only once for each function it appears in
make[1]: *** [libs] Error 1
"Compiling cpu"
ERROR:EDK:369 -  make failed for target "libs" 
ERROR:EDK:3418 - Error(s) while running make.
make: *** [microblaze_0/lib/libxil.a] Error 2
make: Target `all' not remade because of errors.
01:47:44 **** Build of configuration Debug for project Lab2a_SDK_proj1 ****
make all 
'Building file: ../src/helloworld.c'
'Invoking: MicroBlaze gcc compiler'
mb-gcc -Wall -O0 -g3 -c -fmessage-length=0 -I../../my_bsp/microblaze_0/include -mlittle-endian -mxl-barrel-shift -mxl-pattern-compare -mcpu=v8.50.c -mno-xl-soft-mul -Wl,--no-relax -ffunction-sections -fdata-sections -MMD -MP -MF"src/helloworld.d" -MT"src/helloworld.d" -o "src/helloworld.o" "../src/helloworld.c"
'Finished building: ../src/helloworld.c'
' '
'Building file: ../src/main.c'
'Invoking: MicroBlaze gcc compiler'
mb-gcc -Wall -O0 -g3 -c -fmessage-length=0 -I../../my_bsp/microblaze_0/include -mlittle-endian -mxl-barrel-shift -mxl-pattern-compare -mcpu=v8.50.c -mno-xl-soft-mul -Wl,--no-relax -ffunction-sections -fdata-sections -MMD -MP -MF"src/main.d" -MT"src/main.d" -o "src/main.o" "../src/main.c"
'Finished building: ../src/main.c'
' '
'Building file: ../src/platform.c'
'Invoking: MicroBlaze gcc compiler'
mb-gcc -Wall -O0 -g3 -c -fmessage-length=0 -I../../my_bsp/microblaze_0/include -mlittle-endian -mxl-barrel-shift -mxl-pattern-compare -mcpu=v8.50.c -mno-xl-soft-mul -Wl,--no-relax -ffunction-sections -fdata-sections -MMD -MP -MF"src/platform.d" -MT"src/platform.d" -o "src/platform.o" "../src/platform.c"
'Finished building: ../src/platform.c'
' '
'Building target: Lab2a_SDK_proj1.elf'
'Invoking: MicroBlaze gcc linker'
mb-gcc -Wl,-T -Wl,../src/lscript.ld -L../../my_bsp/microblaze_0/lib -mlittle-endian -mxl-barrel-shift -mxl-pattern-compare -mcpu=v8.50.c -mno-xl-soft-mul -Wl,--no-relax -Wl,--gc-sections -o "Lab2a_SDK_proj1.elf"  ./src/helloworld.o ./src/main.o ./src/platform.o   -Wl,--start-group,-lxil,-lgcc,-lc,--end-group
./src/main.o: In function `main':
E:\FaksHub\2020_2021\2.Semester_2020_2021\LRI2\Labs\LRI2_Labs\Lab2a_SDK\Lab2a_SDK_proj1\Debug/../src/main.c:22: undefined reference to `XGpio_Initialize'
E:\FaksHub\2020_2021\2.Semester_2020_2021\LRI2\Labs\LRI2_Labs\Lab2a_SDK\Lab2a_SDK_proj1\Debug/../src/main.c:28: undefined reference to `XGpio_SetDataDirection'
E:\FaksHub\2020_2021\2.Semester_2020_2021\LRI2\Labs\LRI2_Labs\Lab2a_SDK\Lab2a_SDK_proj1\Debug/../src/main.c:29: undefined reference to `XGpio_DiscreteRead'
collect2: ld returned 1 exit status
make: *** [Lab2a_SDK_proj1.elf] Error 1
02:03:44 **** Auto Build of configuration Debug for project Lab2a_SDK_proj1 ****
make all 
'Building file: ../src/helloworld.c'
'Invoking: MicroBlaze gcc compiler'
mb-gcc -Wall -O0 -g3 -c -fmessage-length=0 -I../../my_bsp/microblaze_0/include -mlittle-endian -mxl-barrel-shift -mxl-pattern-compare -mcpu=v8.50.c -mno-xl-soft-mul -Wl,--no-relax -ffunction-sections -fdata-sections -MMD -MP -MF"src/helloworld.d" -MT"src/helloworld.d" -o "src/helloworld.o" "../src/helloworld.c"
../src/helloworld.c: In function 'main':
../src/helloworld.c:39:2: error: unknown type name 'XGpio'
../src/helloworld.c:40:2: error: unknown type name 'XStatus'
../src/helloworld.c:46:2: warning: implicit declaration of function 'XGpio_Initialize' [-Wimplicit-function-declaration]
../src/helloworld.c:46:34: error: 'XPAR_AXI_GPIO_0_DEVICE_ID' undeclared (first use in this function)
../src/helloworld.c:46:34: note: each undeclared identifier is reported only once for each function it appears in
../src/helloworld.c:47:15: error: 'XST_SUCCESS' undeclared (first use in this function)
../src/helloworld.c:48:10: error: 'XST_FAILURE' undeclared (first use in this function)
../src/helloworld.c:52:3: warning: implicit declaration of function 'XGpio_SetDataDirection' [-Wimplicit-function-declaration]
../src/helloworld.c:53:3: warning: implicit declaration of function 'XGpio_DiscreteRead' [-Wimplicit-function-declaration]
../src/helloworld.c:54:3: warning: implicit declaration of function 'LED_AXI_IP_mWriteReg' [-Wimplicit-function-declaration]
../src/helloworld.c:54:24: error: 'XPAR_LED_AXI_IP_0_BASEADDR' undeclared (first use in this function)
../src/helloworld.c: In function 'main_former':
../src/helloworld.c:62:5: warning: implicit declaration of function 'init_platform' [-Wimplicit-function-declaration]
make: *** [src/helloworld.o] Error 1
02:04:00 **** Auto Build of configuration Debug for project Lab2a_SDK_proj1 ****
make all 
'Building file: ../src/helloworld.c'
'Invoking: MicroBlaze gcc compiler'
mb-gcc -Wall -O0 -g3 -c -fmessage-length=0 -I../../my_bsp/microblaze_0/include -mlittle-endian -mxl-barrel-shift -mxl-pattern-compare -mcpu=v8.50.c -mno-xl-soft-mul -Wl,--no-relax -ffunction-sections -fdata-sections -MMD -MP -MF"src/helloworld.d" -MT"src/helloworld.d" -o "src/helloworld.o" "../src/helloworld.c"
../src/helloworld.c: In function 'main_former':
../src/helloworld.c:65:5: warning: implicit declaration of function 'init_platform' [-Wimplicit-function-declaration]
'Finished building: ../src/helloworld.c'
' '
'Building target: Lab2a_SDK_proj1.elf'
'Invoking: MicroBlaze gcc linker'
mb-gcc -Wl,-T -Wl,../src/lscript.ld -L../../my_bsp/microblaze_0/lib -mlittle-endian -mxl-barrel-shift -mxl-pattern-compare -mcpu=v8.50.c -mno-xl-soft-mul -Wl,--no-relax -Wl,--gc-sections -o "Lab2a_SDK_proj1.elf"  ./src/helloworld.o ./src/main.o ./src/platform.o   -Wl,--start-group,-lxil,-lgcc,-lc,--end-group
./src/main.o: In function `main':
E:\FaksHub\2020_2021\2.Semester_2020_2021\LRI2\Labs\LRI2_Labs\Lab2a_SDK\Lab2a_SDK_proj1\Debug/../src/main.c:14: multiple definition of `main'
./src/helloworld.o:E:\FaksHub\2020_2021\2.Semester_2020_2021\LRI2\Labs\LRI2_Labs\Lab2a_SDK\Lab2a_SDK_proj1\Debug/../src/helloworld.c:41: first defined here
./src/helloworld.o: In function `main':
(.text.main+0x1c): undefined reference to `XGpio_Initialize'
./src/helloworld.o: In function `main':
(.text.main+0x60): undefined reference to `XGpio_SetDataDirection'
./src/helloworld.o: In function `main':
(.text.main+0x78): undefined reference to `XGpio_DiscreteRead'
collect2: ld returned 1 exit status
make: *** [Lab2a_SDK_proj1.elf] Error 1
02:04:25 **** Auto Build of configuration Debug for project Lab2a_SDK_proj1 ****
make all 
'Building file: ../src/main.c'
'Invoking: MicroBlaze gcc compiler'
mb-gcc -Wall -O0 -g3 -c -fmessage-length=0 -I../../my_bsp/microblaze_0/include -mlittle-endian -mxl-barrel-shift -mxl-pattern-compare -mcpu=v8.50.c -mno-xl-soft-mul -Wl,--no-relax -ffunction-sections -fdata-sections -MMD -MP -MF"src/main.d" -MT"src/main.d" -o "src/main.o" "../src/main.c"
'Finished building: ../src/main.c'
' '
'Building target: Lab2a_SDK_proj1.elf'
'Invoking: MicroBlaze gcc linker'
mb-gcc -Wl,-T -Wl,../src/lscript.ld -L../../my_bsp/microblaze_0/lib -mlittle-endian -mxl-barrel-shift -mxl-pattern-compare -mcpu=v8.50.c -mno-xl-soft-mul -Wl,--no-relax -Wl,--gc-sections -o "Lab2a_SDK_proj1.elf"  ./src/helloworld.o ./src/main.o ./src/platform.o   -Wl,--start-group,-lxil,-lgcc,-lc,--end-group
./src/helloworld.o: In function `main':
E:\FaksHub\2020_2021\2.Semester_2020_2021\LRI2\Labs\LRI2_Labs\Lab2a_SDK\Lab2a_SDK_proj1\Debug/../src/helloworld.c:49: undefined reference to `XGpio_Initialize'
E:\FaksHub\2020_2021\2.Semester_2020_2021\LRI2\Labs\LRI2_Labs\Lab2a_SDK\Lab2a_SDK_proj1\Debug/../src/helloworld.c:55: undefined reference to `XGpio_SetDataDirection'
E:\FaksHub\2020_2021\2.Semester_2020_2021\LRI2\Labs\LRI2_Labs\Lab2a_SDK\Lab2a_SDK_proj1\Debug/../src/helloworld.c:56: undefined reference to `XGpio_DiscreteRead'
collect2: ld returned 1 exit status
make: *** [Lab2a_SDK_proj1.elf] Error 1
02:05:03 **** Clean-only build of configuration Debug for project Lab2a_SDK_proj1 ****
make clean 
rm -rf  ./src/helloworld.o ./src/main.o ./src/platform.o  ./src/helloworld.d ./src/main.d ./src/platform.d  Lab2a_SDK_proj1.elf.size  Lab2a_SDK_proj1.elf.elfcheck  Lab2a_SDK_proj1.elf
' '
02:05:04 **** Auto Build of configuration Debug for project Lab2a_SDK_proj1 ****
make all 
'Building file: ../src/helloworld.c'
'Invoking: MicroBlaze gcc compiler'
mb-gcc -Wall -O0 -g3 -c -fmessage-length=0 -I../../my_bsp/microblaze_0/include -mlittle-endian -mxl-barrel-shift -mxl-pattern-compare -mcpu=v8.50.c -mno-xl-soft-mul -Wl,--no-relax -ffunction-sections -fdata-sections -MMD -MP -MF"src/helloworld.d" -MT"src/helloworld.d" -o "src/helloworld.o" "../src/helloworld.c"
../src/helloworld.c: In function 'main_former':
../src/helloworld.c:65:5: warning: implicit declaration of function 'init_platform' [-Wimplicit-function-declaration]
'Finished building: ../src/helloworld.c'
' '
'Building file: ../src/platform.c'
'Invoking: MicroBlaze gcc compiler'
mb-gcc -Wall -O0 -g3 -c -fmessage-length=0 -I../../my_bsp/microblaze_0/include -mlittle-endian -mxl-barrel-shift -mxl-pattern-compare -mcpu=v8.50.c -mno-xl-soft-mul -Wl,--no-relax -ffunction-sections -fdata-sections -MMD -MP -MF"src/platform.d" -MT"src/platform.d" -o "src/platform.o" "../src/platform.c"
'Finished building: ../src/platform.c'
' '
'Building target: Lab2a_SDK_proj1.elf'
'Invoking: MicroBlaze gcc linker'
mb-gcc -Wl,-T -Wl,../src/lscript.ld -L../../my_bsp/microblaze_0/lib -mlittle-endian -mxl-barrel-shift -mxl-pattern-compare -mcpu=v8.50.c -mno-xl-soft-mul -Wl,--no-relax -Wl,--gc-sections -o "Lab2a_SDK_proj1.elf"  ./src/helloworld.o ./src/platform.o   -Wl,--start-group,-lxil,-lgcc,-lc,--end-group
./src/helloworld.o: In function `main':
E:\FaksHub\2020_2021\2.Semester_2020_2021\LRI2\Labs\LRI2_Labs\Lab2a_SDK\Lab2a_SDK_proj1\Debug/../src/helloworld.c:49: undefined reference to `XGpio_Initialize'
E:\FaksHub\2020_2021\2.Semester_2020_2021\LRI2\Labs\LRI2_Labs\Lab2a_SDK\Lab2a_SDK_proj1\Debug/../src/helloworld.c:55: undefined reference to `XGpio_SetDataDirection'
E:\FaksHub\2020_2021\2.Semester_2020_2021\LRI2\Labs\LRI2_Labs\Lab2a_SDK\Lab2a_SDK_proj1\Debug/../src/helloworld.c:56: undefined reference to `XGpio_DiscreteRead'
collect2: ld returned 1 exit status
make: *** [Lab2a_SDK_proj1.elf] Error 1
02:05:41 **** Clean-only build of configuration Debug for project Lab2a_SDK_proj1 ****
make clean 
rm -rf  ./src/helloworld.o ./src/platform.o  ./src/helloworld.d ./src/platform.d  Lab2a_SDK_proj1.elf.size  Lab2a_SDK_proj1.elf.elfcheck  Lab2a_SDK_proj1.elf
' '
02:05:41 **** Build of configuration Debug for project Lab2a_SDK_proj1 ****
make all 
'Building file: ../src/helloworld.c'
'Invoking: MicroBlaze gcc compiler'
mb-gcc -Wall -O0 -g3 -c -fmessage-length=0 -I../../my_bsp/microblaze_0/include -mlittle-endian -mxl-barrel-shift -mxl-pattern-compare -mcpu=v8.50.c -mno-xl-soft-mul -Wl,--no-relax -ffunction-sections -fdata-sections -MMD -MP -MF"src/helloworld.d" -MT"src/helloworld.d" -o "src/helloworld.o" "../src/helloworld.c"
../src/helloworld.c: In function 'main_former':
../src/helloworld.c:65:5: warning: implicit declaration of function 'init_platform' [-Wimplicit-function-declaration]
'Finished building: ../src/helloworld.c'
' '
'Building file: ../src/platform.c'
'Invoking: MicroBlaze gcc compiler'
mb-gcc -Wall -O0 -g3 -c -fmessage-length=0 -I../../my_bsp/microblaze_0/include -mlittle-endian -mxl-barrel-shift -mxl-pattern-compare -mcpu=v8.50.c -mno-xl-soft-mul -Wl,--no-relax -ffunction-sections -fdata-sections -MMD -MP -MF"src/platform.d" -MT"src/platform.d" -o "src/platform.o" "../src/platform.c"
'Finished building: ../src/platform.c'
' '
'Building target: Lab2a_SDK_proj1.elf'
'Invoking: MicroBlaze gcc linker'
mb-gcc -Wl,-T -Wl,../src/lscript.ld -L../../my_bsp/microblaze_0/lib -mlittle-endian -mxl-barrel-shift -mxl-pattern-compare -mcpu=v8.50.c -mno-xl-soft-mul -Wl,--no-relax -Wl,--gc-sections -o "Lab2a_SDK_proj1.elf"  ./src/helloworld.o ./src/platform.o   -Wl,--start-group,-lxil,-lgcc,-lc,--end-group
./src/helloworld.o: In function `main':
E:\FaksHub\2020_2021\2.Semester_2020_2021\LRI2\Labs\LRI2_Labs\Lab2a_SDK\Lab2a_SDK_proj1\Debug/../src/helloworld.c:49: undefined reference to `XGpio_Initialize'
E:\FaksHub\2020_2021\2.Semester_2020_2021\LRI2\Labs\LRI2_Labs\Lab2a_SDK\Lab2a_SDK_proj1\Debug/../src/helloworld.c:55: undefined reference to `XGpio_SetDataDirection'
E:\FaksHub\2020_2021\2.Semester_2020_2021\LRI2\Labs\LRI2_Labs\Lab2a_SDK\Lab2a_SDK_proj1\Debug/../src/helloworld.c:56: undefined reference to `XGpio_DiscreteRead'
collect2: ld returned 1 exit status
make: *** [Lab2a_SDK_proj1.elf] Error 1
02:05:59 **** Clean-only build of configuration Debug for project Lab2a_SDK_proj1 ****
make clean 
rm -rf  ./src/helloworld.o ./src/platform.o  ./src/helloworld.d ./src/platform.d  Lab2a_SDK_proj1.elf.size  Lab2a_SDK_proj1.elf.elfcheck  Lab2a_SDK_proj1.elf
' '
02:05:59 **** Clean-only build of project my_bsp ****
make -k clean 
rm -rf microblaze_0
02:06:00 **** Build of project my_bsp ****
make -k all 
libgen -hw ../Lab2a_hw_platform/system.xml\
	       -lp ../../Lab2a\
	       -pe microblaze_0 \
	       -log libgen.log \
	       system.mss
libgen
Xilinx EDK 14.7 Build EDK_P.20131013
Copyright (c) 1995-2012 Xilinx, Inc.  All rights reserved.

Command Line: libgen -hw ../Lab2a_hw_platform/system.xml -lp ../../Lab2a -pe
microblaze_0 -log libgen.log system.mss 


Staging source files.
Running DRCs.
Running generate.
Running post_generate.
Running include - 'make -s include "COMPILER=mb-gcc" "ARCHIVER=mb-ar"
"COMPILER_FLAGS=-mlittle-endian -mno-xl-soft-mul -mxl-barrel-shift
-mxl-pattern-compare -mcpu=v8.50.c  -O2 -c" "EXTRA_COMPILER_FLAGS=-g
-ffunction-sections -fdata-sections"'.

Running libs - 'make -s libs "COMPILER=mb-gcc" "ARCHIVER=mb-ar"
"COMPILER_FLAGS=-mlittle-endian -mno-xl-soft-mul -mxl-barrel-shift
-mxl-pattern-compare -mcpu=v8.50.c  -O2 -c" "EXTRA_COMPILER_FLAGS=-g
-ffunction-sections -fdata-sections"'.
"Compiling common"
"Compiling standalone";
"Compiling gpio"
"Compiling uartlite"
"Compiling led_axi_ip"
led_axi_ip_selftest.c: In function 'LED_AXI_IP_SelfTest':
led_axi_ip_selftest.c:70:50: error: 'LED_AXI_IP_USER_NUM_REG' undeclared (first use in this function)
led_axi_ip_selftest.c:70:50: note: each undeclared identifier is reported only once for each function it appears in
make[1]: *** [libs] Error 1
"Compiling bram"
"Compiling uart_cntrl"
uart_cntrl_selftest.c: In function 'UART_CNTRL_SelfTest':
uart_cntrl_selftest.c:70:50: error: 'UART_CNTRL_USER_NUM_REG' undeclared (first use in this function)
uart_cntrl_selftest.c:70:50: note: each undeclared identifier is reported only once for each function it appears in
make[1]: *** [libs] Error 1
"Compiling cpu"
ERROR:EDK:369 -  make failed for target "libs" 
ERROR:EDK:3418 - Error(s) while running make.
make: *** [microblaze_0/lib/libxil.a] Error 2
make: Target `all' not remade because of errors.
02:06:17 **** Build of configuration Debug for project Lab2a_SDK_proj1 ****
make all 
'Building file: ../src/helloworld.c'
'Invoking: MicroBlaze gcc compiler'
mb-gcc -Wall -O0 -g3 -c -fmessage-length=0 -I../../my_bsp/microblaze_0/include -mlittle-endian -mxl-barrel-shift -mxl-pattern-compare -mcpu=v8.50.c -mno-xl-soft-mul -Wl,--no-relax -ffunction-sections -fdata-sections -MMD -MP -MF"src/helloworld.d" -MT"src/helloworld.d" -o "src/helloworld.o" "../src/helloworld.c"
../src/helloworld.c: In function 'main_former':
../src/helloworld.c:65:5: warning: implicit declaration of function 'init_platform' [-Wimplicit-function-declaration]
'Finished building: ../src/helloworld.c'
' '
'Building file: ../src/platform.c'
'Invoking: MicroBlaze gcc compiler'
mb-gcc -Wall -O0 -g3 -c -fmessage-length=0 -I../../my_bsp/microblaze_0/include -mlittle-endian -mxl-barrel-shift -mxl-pattern-compare -mcpu=v8.50.c -mno-xl-soft-mul -Wl,--no-relax -ffunction-sections -fdata-sections -MMD -MP -MF"src/platform.d" -MT"src/platform.d" -o "src/platform.o" "../src/platform.c"
'Finished building: ../src/platform.c'
' '
'Building target: Lab2a_SDK_proj1.elf'
'Invoking: MicroBlaze gcc linker'
mb-gcc -Wl,-T -Wl,../src/lscript.ld -L../../my_bsp/microblaze_0/lib -mlittle-endian -mxl-barrel-shift -mxl-pattern-compare -mcpu=v8.50.c -mno-xl-soft-mul -Wl,--no-relax -Wl,--gc-sections -o "Lab2a_SDK_proj1.elf"  ./src/helloworld.o ./src/platform.o   -Wl,--start-group,-lxil,-lgcc,-lc,--end-group
./src/helloworld.o: In function `main':
E:\FaksHub\2020_2021\2.Semester_2020_2021\LRI2\Labs\LRI2_Labs\Lab2a_SDK\Lab2a_SDK_proj1\Debug/../src/helloworld.c:49: undefined reference to `XGpio_Initialize'
E:\FaksHub\2020_2021\2.Semester_2020_2021\LRI2\Labs\LRI2_Labs\Lab2a_SDK\Lab2a_SDK_proj1\Debug/../src/helloworld.c:55: undefined reference to `XGpio_SetDataDirection'
E:\FaksHub\2020_2021\2.Semester_2020_2021\LRI2\Labs\LRI2_Labs\Lab2a_SDK\Lab2a_SDK_proj1\Debug/../src/helloworld.c:56: undefined reference to `XGpio_DiscreteRead'
collect2: ld returned 1 exit status
make: *** [Lab2a_SDK_proj1.elf] Error 1
02:08:11 **** Clean-only build of configuration Debug for project Lab2a_SDK_proj1 ****
make clean 
rm -rf  ./src/helloworld.o ./src/platform.o  ./src/helloworld.d ./src/platform.d  Lab2a_SDK_proj1.elf.size  Lab2a_SDK_proj1.elf.elfcheck  Lab2a_SDK_proj1.elf
' '
02:08:11 **** Build of configuration Debug for project Lab2a_SDK_proj1 ****
make all 
'Building file: ../src/helloworld.c'
'Invoking: MicroBlaze gcc compiler'
mb-gcc -Wall -O0 -g3 -c -fmessage-length=0 -I../../my_bsp/microblaze_0/include -mlittle-endian -mxl-barrel-shift -mxl-pattern-compare -mcpu=v8.50.c -mno-xl-soft-mul -Wl,--no-relax -ffunction-sections -fdata-sections -MMD -MP -MF"src/helloworld.d" -MT"src/helloworld.d" -o "src/helloworld.o" "../src/helloworld.c"
../src/helloworld.c: In function 'main_former':
../src/helloworld.c:65:5: warning: implicit declaration of function 'init_platform' [-Wimplicit-function-declaration]
'Finished building: ../src/helloworld.c'
' '
'Building file: ../src/platform.c'
'Invoking: MicroBlaze gcc compiler'
mb-gcc -Wall -O0 -g3 -c -fmessage-length=0 -I../../my_bsp/microblaze_0/include -mlittle-endian -mxl-barrel-shift -mxl-pattern-compare -mcpu=v8.50.c -mno-xl-soft-mul -Wl,--no-relax -ffunction-sections -fdata-sections -MMD -MP -MF"src/platform.d" -MT"src/platform.d" -o "src/platform.o" "../src/platform.c"
'Finished building: ../src/platform.c'
' '
'Building target: Lab2a_SDK_proj1.elf'
'Invoking: MicroBlaze gcc linker'
mb-gcc -Wl,-T -Wl,../src/lscript.ld -L../../my_bsp/microblaze_0/lib -mlittle-endian -mxl-barrel-shift -mxl-pattern-compare -mcpu=v8.50.c -mno-xl-soft-mul -Wl,--no-relax -Wl,--gc-sections -o "Lab2a_SDK_proj1.elf"  ./src/helloworld.o ./src/platform.o   -Wl,--start-group,-lxil,-lgcc,-lc,--end-group
./src/helloworld.o: In function `main':
E:\FaksHub\2020_2021\2.Semester_2020_2021\LRI2\Labs\LRI2_Labs\Lab2a_SDK\Lab2a_SDK_proj1\Debug/../src/helloworld.c:49: undefined reference to `XGpio_Initialize'
E:\FaksHub\2020_2021\2.Semester_2020_2021\LRI2\Labs\LRI2_Labs\Lab2a_SDK\Lab2a_SDK_proj1\Debug/../src/helloworld.c:55: undefined reference to `XGpio_SetDataDirection'
E:\FaksHub\2020_2021\2.Semester_2020_2021\LRI2\Labs\LRI2_Labs\Lab2a_SDK\Lab2a_SDK_proj1\Debug/../src/helloworld.c:56: undefined reference to `XGpio_DiscreteRead'
collect2: ld returned 1 exit status
make: *** [Lab2a_SDK_proj1.elf] Error 1
02:58:07 **** Auto Build of project my_bsp ****
make -k all 
libgen -hw ../Lab2a_hw_platform/system.xml\
	       -lp ../../Lab2a\
	       -pe microblaze_0 \
	       -log libgen.log \
	       system.mss
libgen
Xilinx EDK 14.7 Build EDK_P.20131013
Copyright (c) 1995-2012 Xilinx, Inc.  All rights reserved.

Command Line: libgen -hw ../Lab2a_hw_platform/system.xml -lp ../../Lab2a -pe
microblaze_0 -log libgen.log system.mss 


Staging source files.
Running DRCs.
Running generate.
Running post_generate.
Running include - 'make -s include "COMPILER=mb-gcc" "ARCHIVER=mb-ar"
"COMPILER_FLAGS=-mlittle-endian -mno-xl-soft-mul -mxl-barrel-shift
-mxl-pattern-compare -mcpu=v8.50.c  -O2 -c" "EXTRA_COMPILER_FLAGS=-g
-ffunction-sections -fdata-sections"'.

Running libs - 'make -s libs "COMPILER=mb-gcc" "ARCHIVER=mb-ar"
"COMPILER_FLAGS=-mlittle-endian -mno-xl-soft-mul -mxl-barrel-shift
-mxl-pattern-compare -mcpu=v8.50.c  -O2 -c" "EXTRA_COMPILER_FLAGS=-g
-ffunction-sections -fdata-sections"'.
"Compiling common"
"Compiling standalone";
"Compiling gpio"
"Compiling uartlite"
"Compiling led_axi_ip"
led_axi_ip_selftest.c: In function 'LED_AXI_IP_SelfTest':
led_axi_ip_selftest.c:70:50: error: 'AXI_IP_USER_NUM_REG' undeclared (first use in this function)
led_axi_ip_selftest.c:70:50: note: each undeclared identifier is reported only once for each function it appears in
make[1]: *** [libs] Error 1
"Compiling bram"
"Compiling uart_cntrl"
uart_cntrl_selftest.c: In function 'UART_CNTRL_SelfTest':
uart_cntrl_selftest.c:70:50: error: 'AXI_IP_USER_NUM_REG' undeclared (first use in this function)
uart_cntrl_selftest.c:70:50: note: each undeclared identifier is reported only once for each function it appears in
make[1]: *** [libs] Error 1
"Compiling cpu"
ERROR:EDK:369 -  make failed for target "libs" 
ERROR:EDK:3418 - Error(s) while running make.
make: *** [microblaze_0/lib/libxil.a] Error 2
make: Target `all' not remade because of errors.
02:58:25 **** Auto Build of configuration Debug for project Lab2a_SDK_proj1 ****
make all 
'Building target: Lab2a_SDK_proj1.elf'
'Invoking: MicroBlaze gcc linker'
mb-gcc -Wl,-T -Wl,../src/lscript.ld -L../../my_bsp/microblaze_0/lib -mlittle-endian -mxl-barrel-shift -mxl-pattern-compare -mcpu=v8.50.c -mno-xl-soft-mul -Wl,--no-relax -Wl,--gc-sections -o "Lab2a_SDK_proj1.elf"  ./src/helloworld.o ./src/platform.o   -Wl,--start-group,-lxil,-lgcc,-lc,--end-group
./src/helloworld.o: In function `main':
E:\FaksHub\2020_2021\2.Semester_2020_2021\LRI2\Labs\LRI2_Labs\Lab2a_SDK\Lab2a_SDK_proj1\Debug/../src/helloworld.c:49: undefined reference to `XGpio_Initialize'
E:\FaksHub\2020_2021\2.Semester_2020_2021\LRI2\Labs\LRI2_Labs\Lab2a_SDK\Lab2a_SDK_proj1\Debug/../src/helloworld.c:55: undefined reference to `XGpio_SetDataDirection'
E:\FaksHub\2020_2021\2.Semester_2020_2021\LRI2\Labs\LRI2_Labs\Lab2a_SDK\Lab2a_SDK_proj1\Debug/../src/helloworld.c:56: undefined reference to `XGpio_DiscreteRead'
collect2: ld returned 1 exit status
make: *** [Lab2a_SDK_proj1.elf] Error 1
03:00:02 **** Clean-only build of configuration Debug for project Lab2a_SDK_proj1 ****
make clean 
rm -rf  ./src/helloworld.o ./src/platform.o  ./src/helloworld.d ./src/platform.d  Lab2a_SDK_proj1.elf.size  Lab2a_SDK_proj1.elf.elfcheck  Lab2a_SDK_proj1.elf
' '
03:00:03 **** Clean-only build of project my_bsp ****
make -k clean 
rm -rf microblaze_0
03:00:03 **** Build of project my_bsp ****
make -k all 
libgen -hw ../Lab2a_hw_platform/system.xml\
	       -lp ../../Lab2a\
	       -pe microblaze_0 \
	       -log libgen.log \
	       system.mss
libgen
Xilinx EDK 14.7 Build EDK_P.20131013
Copyright (c) 1995-2012 Xilinx, Inc.  All rights reserved.

Command Line: libgen -hw ../Lab2a_hw_platform/system.xml -lp ../../Lab2a -pe
microblaze_0 -log libgen.log system.mss 


Staging source files.
Running DRCs.
Running generate.
Running post_generate.
Running include - 'make -s include "COMPILER=mb-gcc" "ARCHIVER=mb-ar"
"COMPILER_FLAGS=-mlittle-endian -mno-xl-soft-mul -mxl-barrel-shift
-mxl-pattern-compare -mcpu=v8.50.c  -O2 -c" "EXTRA_COMPILER_FLAGS=-g
-ffunction-sections -fdata-sections"'.

Running libs - 'make -s libs "COMPILER=mb-gcc" "ARCHIVER=mb-ar"
"COMPILER_FLAGS=-mlittle-endian -mno-xl-soft-mul -mxl-barrel-shift
-mxl-pattern-compare -mcpu=v8.50.c  -O2 -c" "EXTRA_COMPILER_FLAGS=-g
-ffunction-sections -fdata-sections"'.
"Compiling common"
"Compiling standalone";
"Compiling gpio"
"Compiling uartlite"
"Compiling led_axi_ip"
"Compiling bram"
"Compiling uart_cntrl"
"Compiling cpu"
Running execs_generate.
'Finished building libraries'
03:00:19 **** Build of configuration Debug for project Lab2a_SDK_proj1 ****
make all 
'Building file: ../src/helloworld.c'
'Invoking: MicroBlaze gcc compiler'
mb-gcc -Wall -O0 -g3 -c -fmessage-length=0 -I../../my_bsp/microblaze_0/include -mlittle-endian -mxl-barrel-shift -mxl-pattern-compare -mcpu=v8.50.c -mno-xl-soft-mul -Wl,--no-relax -ffunction-sections -fdata-sections -MMD -MP -MF"src/helloworld.d" -MT"src/helloworld.d" -o "src/helloworld.o" "../src/helloworld.c"
../src/helloworld.c: In function 'main_former':
../src/helloworld.c:65:5: warning: implicit declaration of function 'init_platform' [-Wimplicit-function-declaration]
'Finished building: ../src/helloworld.c'
' '
'Building file: ../src/platform.c'
'Invoking: MicroBlaze gcc compiler'
mb-gcc -Wall -O0 -g3 -c -fmessage-length=0 -I../../my_bsp/microblaze_0/include -mlittle-endian -mxl-barrel-shift -mxl-pattern-compare -mcpu=v8.50.c -mno-xl-soft-mul -Wl,--no-relax -ffunction-sections -fdata-sections -MMD -MP -MF"src/platform.d" -MT"src/platform.d" -o "src/platform.o" "../src/platform.c"
'Finished building: ../src/platform.c'
' '
'Building target: Lab2a_SDK_proj1.elf'
'Invoking: MicroBlaze gcc linker'
mb-gcc -Wl,-T -Wl,../src/lscript.ld -L../../my_bsp/microblaze_0/lib -mlittle-endian -mxl-barrel-shift -mxl-pattern-compare -mcpu=v8.50.c -mno-xl-soft-mul -Wl,--no-relax -Wl,--gc-sections -o "Lab2a_SDK_proj1.elf"  ./src/helloworld.o ./src/platform.o   -Wl,--start-group,-lxil,-lgcc,-lc,--end-group
'Finished building target: Lab2a_SDK_proj1.elf'
' '
'Invoking: MicroBlaze Print Size'
mb-size Lab2a_SDK_proj1.elf  |tee "Lab2a_SDK_proj1.elf.size"
   text	   data	    bss	    dec	    hex	filename
   2682	    288	   2094	   5064	   13c8	Lab2a_SDK_proj1.elf
'Finished building: Lab2a_SDK_proj1.elf.size'
' '
'Invoking: Xilinx ELF Check'
elfcheck Lab2a_SDK_proj1.elf -hw ../../Lab2a_hw_platform/system.xml -pe microblaze_0  |tee "Lab2a_SDK_proj1.elf.elfcheck"
elfcheck
Xilinx EDK 14.7 Build EDK_P.20131013
Copyright (c) 1995-2012 Xilinx, Inc.  All rights reserved.

Command Line: elfcheck -hw ../../Lab2a_hw_platform/system.xml -pe microblaze_0
Lab2a_SDK_proj1.elf 

ELF file	: Lab2a_SDK_proj1.elf
elfcheck passed.
'Finished building: Lab2a_SDK_proj1.elf.elfcheck'
' '
03:00:56 **** Auto Build of project my_bsp ****
make -k all 
'Finished building libraries'
03:04:19 **** Auto Build of project my_bsp ****
make -k all 
'Finished building libraries'
