E:\FaksHub\2020_2021\2.Semester_2020_2021\LRI2\Labs\LRI2_Labs\Lab2a\implementation\system.ngc 1618183232
E:/FaksHub/2020_2021/2.Semester_2020_2021/LRI2/Labs/LRI2_Labs/Lab2a/implementation/system_proc_sys_reset_0_wrapper.ngc 1618183028
E:/FaksHub/2020_2021/2.Semester_2020_2021/LRI2/Labs/LRI2_Labs/Lab2a/implementation/system_clock_generator_0_wrapper.ngc 1618183208
E:/FaksHub/2020_2021/2.Semester_2020_2021/LRI2/Labs/LRI2_Labs/Lab2a/implementation/system_uart_cntrl_0_wrapper.ngc 1618183192
E:/FaksHub/2020_2021/2.Semester_2020_2021/LRI2/Labs/LRI2_Labs/Lab2a/implementation/system_microblaze_0_ilmb_wrapper.ngc 1618183197
E:/FaksHub/2020_2021/2.Semester_2020_2021/LRI2/Labs/LRI2_Labs/Lab2a/implementation/system_microblaze_0_dlmb_wrapper.ngc 1618183200
E:/FaksHub/2020_2021/2.Semester_2020_2021/LRI2/Labs/LRI2_Labs/Lab2a/implementation/system_axi4lite_0_wrapper.ngc 1618183212
E:/FaksHub/2020_2021/2.Semester_2020_2021/LRI2/Labs/LRI2_Labs/Lab2a/implementation/system_microblaze_0_wrapper.ngc 1618183204
E:/FaksHub/2020_2021/2.Semester_2020_2021/LRI2/Labs/LRI2_Labs/Lab2a/implementation/system_microblaze_0_i_bram_ctrl_wrapper.ngc 1618183042
E:/FaksHub/2020_2021/2.Semester_2020_2021/LRI2/Labs/LRI2_Labs/Lab2a/implementation/system_microblaze_0_d_bram_ctrl_wrapper.ngc 1618183055
E:/FaksHub/2020_2021/2.Semester_2020_2021/LRI2/Labs/LRI2_Labs/Lab2a/implementation/system_debug_module_wrapper.ngc 1618183130
E:/FaksHub/2020_2021/2.Semester_2020_2021/LRI2/Labs/LRI2_Labs/Lab2a/implementation/system_axi_gpio_0_wrapper.ngc 1618183165
E:/FaksHub/2020_2021/2.Semester_2020_2021/LRI2/Labs/LRI2_Labs/Lab2a/implementation/system_led_axi_ip_0_wrapper.ngc 1618183178
E:/FaksHub/2020_2021/2.Semester_2020_2021/LRI2/Labs/LRI2_Labs/Lab2a/implementation/system_microblaze_0_bram_block_wrapper.ngc 1618183065
OK
