E:\FaksHub\2020_2021\2.Semester_2020_2021\LRI2\Labs\LRI2_Labs\Lab2a\implementation\system.ngc 1618154762
E:/FaksHub/2020_2021/2.Semester_2020_2021/LRI2/Labs/LRI2_Labs/Lab2a/implementation/system_proc_sys_reset_0_wrapper.ngc 1618154703
E:/FaksHub/2020_2021/2.Semester_2020_2021/LRI2/Labs/LRI2_Labs/Lab2a/implementation/system_clock_generator_0_wrapper.ngc 1618154743
E:/FaksHub/2020_2021/2.Semester_2020_2021/LRI2/Labs/LRI2_Labs/Lab2a/implementation/system_uart_cntrl_0_wrapper.ngc 1618154739
E:/FaksHub/2020_2021/2.Semester_2020_2021/LRI2/Labs/LRI2_Labs/Lab2a/implementation/system_microblaze_0_ilmb_wrapper.ngc 1618154703
E:/FaksHub/2020_2021/2.Semester_2020_2021/LRI2/Labs/LRI2_Labs/Lab2a/implementation/system_microblaze_0_dlmb_wrapper.ngc 1618154703
E:/FaksHub/2020_2021/2.Semester_2020_2021/LRI2/Labs/LRI2_Labs/Lab2a/implementation/system_axi4lite_0_wrapper.ngc 1618154703
E:/FaksHub/2020_2021/2.Semester_2020_2021/LRI2/Labs/LRI2_Labs/Lab2a/implementation/system_microblaze_0_wrapper.ngc 1618154703
E:/FaksHub/2020_2021/2.Semester_2020_2021/LRI2/Labs/LRI2_Labs/Lab2a/implementation/system_microblaze_0_i_bram_ctrl_wrapper.ngc 1618154703
E:/FaksHub/2020_2021/2.Semester_2020_2021/LRI2/Labs/LRI2_Labs/Lab2a/implementation/system_microblaze_0_d_bram_ctrl_wrapper.ngc 1618154703
E:/FaksHub/2020_2021/2.Semester_2020_2021/LRI2/Labs/LRI2_Labs/Lab2a/implementation/system_debug_module_wrapper.ngc 1618154703
E:/FaksHub/2020_2021/2.Semester_2020_2021/LRI2/Labs/LRI2_Labs/Lab2a/implementation/system_axi_gpio_0_wrapper.ngc 1618154703
E:/FaksHub/2020_2021/2.Semester_2020_2021/LRI2/Labs/LRI2_Labs/Lab2a/implementation/system_led_axi_ip_0_wrapper.ngc 1618154725
E:/FaksHub/2020_2021/2.Semester_2020_2021/LRI2/Labs/LRI2_Labs/Lab2a/implementation/system_microblaze_0_bram_block_wrapper.ngc 1618154703
OK
