E:\FaksHub\2020_2021\2.Semester_2020_2021\LRI2\Labs\LRI2_Labs\Lab2a\implementation\system.ngc 1618288123
E:/FaksHub/2020_2021/2.Semester_2020_2021/LRI2/Labs/LRI2_Labs/Lab2a/implementation/system_proc_sys_reset_0_wrapper.ngc 1618287901
E:/FaksHub/2020_2021/2.Semester_2020_2021/LRI2/Labs/LRI2_Labs/Lab2a/implementation/system_clock_generator_0_wrapper.ngc 1618288098
E:/FaksHub/2020_2021/2.Semester_2020_2021/LRI2/Labs/LRI2_Labs/Lab2a/implementation/system_uart_cntrl_0_wrapper.ngc 1618288079
E:/FaksHub/2020_2021/2.Semester_2020_2021/LRI2/Labs/LRI2_Labs/Lab2a/implementation/system_microblaze_0_ilmb_wrapper.ngc 1618288085
E:/FaksHub/2020_2021/2.Semester_2020_2021/LRI2/Labs/LRI2_Labs/Lab2a/implementation/system_microblaze_0_dlmb_wrapper.ngc 1618288089
E:/FaksHub/2020_2021/2.Semester_2020_2021/LRI2/Labs/LRI2_Labs/Lab2a/implementation/system_axi4lite_0_wrapper.ngc 1618288102
E:/FaksHub/2020_2021/2.Semester_2020_2021/LRI2/Labs/LRI2_Labs/Lab2a/implementation/system_microblaze_0_wrapper.ngc 1618288094
E:/FaksHub/2020_2021/2.Semester_2020_2021/LRI2/Labs/LRI2_Labs/Lab2a/implementation/system_microblaze_0_i_bram_ctrl_wrapper.ngc 1618287916
E:/FaksHub/2020_2021/2.Semester_2020_2021/LRI2/Labs/LRI2_Labs/Lab2a/implementation/system_microblaze_0_d_bram_ctrl_wrapper.ngc 1618287931
E:/FaksHub/2020_2021/2.Semester_2020_2021/LRI2/Labs/LRI2_Labs/Lab2a/implementation/system_debug_module_wrapper.ngc 1618288013
E:/FaksHub/2020_2021/2.Semester_2020_2021/LRI2/Labs/LRI2_Labs/Lab2a/implementation/system_axi_gpio_0_wrapper.ngc 1618288051
E:/FaksHub/2020_2021/2.Semester_2020_2021/LRI2/Labs/LRI2_Labs/Lab2a/implementation/system_led_axi_ip_0_wrapper.ngc 1618288064
E:/FaksHub/2020_2021/2.Semester_2020_2021/LRI2/Labs/LRI2_Labs/Lab2a/implementation/system_microblaze_0_bram_block_wrapper.ngc 1618287941
OK
