E:\FaksHub\2020_2021\2.Semester_2020_2021\1_Ciklus\LRI2\Labs\LRI2_Labs\Lab3a\implementation\system.ngc 1621319495
E:/FaksHub/2020_2021/2.Semester_2020_2021/1_Ciklus/LRI2/Labs/LRI2_Labs/Lab3a/implementation/system_proc_sys_reset_0_wrapper.ngc 1621318986
E:/FaksHub/2020_2021/2.Semester_2020_2021/1_Ciklus/LRI2/Labs/LRI2_Labs/Lab3a/implementation/system_clock_generator_0_wrapper.ngc 1621319451
E:/FaksHub/2020_2021/2.Semester_2020_2021/1_Ciklus/LRI2/Labs/LRI2_Labs/Lab3a/implementation/system_axi_uartlite_0_wrapper.ngc 1621319435
E:/FaksHub/2020_2021/2.Semester_2020_2021/1_Ciklus/LRI2/Labs/LRI2_Labs/Lab3a/implementation/system_microblaze_0_ilmb_wrapper.ngc 1621319439
E:/FaksHub/2020_2021/2.Semester_2020_2021/1_Ciklus/LRI2/Labs/LRI2_Labs/Lab3a/implementation/system_microblaze_0_dlmb_wrapper.ngc 1621319443
E:/FaksHub/2020_2021/2.Semester_2020_2021/1_Ciklus/LRI2/Labs/LRI2_Labs/Lab3a/implementation/system_axi_s6_ddrx_0_wrapper.ngc 1621319463
E:/FaksHub/2020_2021/2.Semester_2020_2021/1_Ciklus/LRI2/Labs/LRI2_Labs/Lab3a/implementation/system_axi4lite_0_wrapper.ngc 1621319455
E:/FaksHub/2020_2021/2.Semester_2020_2021/1_Ciklus/LRI2/Labs/LRI2_Labs/Lab3a/implementation/system_axi_interconnect_0_wrapper.ngc 1621319459
E:/FaksHub/2020_2021/2.Semester_2020_2021/1_Ciklus/LRI2/Labs/LRI2_Labs/Lab3a/implementation/system_microblaze_0_wrapper.ngc 1621319447
E:/FaksHub/2020_2021/2.Semester_2020_2021/1_Ciklus/LRI2/Labs/LRI2_Labs/Lab3a/implementation/system_microblaze_0_i_bram_ctrl_wrapper.ngc 1621319000
E:/FaksHub/2020_2021/2.Semester_2020_2021/1_Ciklus/LRI2/Labs/LRI2_Labs/Lab3a/implementation/system_microblaze_0_d_bram_ctrl_wrapper.ngc 1621319013
E:/FaksHub/2020_2021/2.Semester_2020_2021/1_Ciklus/LRI2/Labs/LRI2_Labs/Lab3a/implementation/system_axi_intc_0_wrapper.ngc 1621319389
E:/FaksHub/2020_2021/2.Semester_2020_2021/1_Ciklus/LRI2/Labs/LRI2_Labs/Lab3a/implementation/system_debug_module_wrapper.ngc 1621319101
E:/FaksHub/2020_2021/2.Semester_2020_2021/1_Ciklus/LRI2/Labs/LRI2_Labs/Lab3a/implementation/system_dip_gpio_wrapper.ngc 1621319144
E:/FaksHub/2020_2021/2.Semester_2020_2021/1_Ciklus/LRI2/Labs/LRI2_Labs/Lab3a/implementation/system_push_gpio_wrapper.ngc 1621319161
E:/FaksHub/2020_2021/2.Semester_2020_2021/1_Ciklus/LRI2/Labs/LRI2_Labs/Lab3a/implementation/system_led_gpio_wrapper.ngc 1621319339
E:/FaksHub/2020_2021/2.Semester_2020_2021/1_Ciklus/LRI2/Labs/LRI2_Labs/Lab3a/implementation/system_axi_timer_0_wrapper.ngc 1621319357
E:/FaksHub/2020_2021/2.Semester_2020_2021/1_Ciklus/LRI2/Labs/LRI2_Labs/Lab3a/implementation/system_axi_timer_1_wrapper.ngc 1621319375
E:/FaksHub/2020_2021/2.Semester_2020_2021/1_Ciklus/LRI2/Labs/LRI2_Labs/Lab3a/implementation/system_microblaze_0_bram_block_wrapper.ngc 1621319023
OK
